#Time         gpu     sm    mem    enc    dec    jpg    ofa   mclk   pclk 
#HH:MM:SS     Idx      %      %      %      %      %      %    MHz    MHz 
 19:02:10       0      1      1      0      0      0      0   7001   1492 
 19:02:11       0      0      1      0      0      0      0   7001   1492 
 19:02:12       0      0      1      0      0      0      0   7001   1492 
 19:02:13       0      0      1      0      0      0      0   7001   1492 
 19:02:14       0      0      1      0      0      0      0   7001   1492 
 19:02:15       0      0      1      0      0      0      0   7001   1492 
 19:02:16       0      0      1      0      0      0      0   7001   1492 
 19:02:17       0      0      0      0      0      0      0   7001   1492 
 19:02:18       0      0      0      0      0      0      0   7001   1492 
 19:02:19       0      0      0      0      0      0      0   7001   1492 
 19:02:20       0     36      2      0      0      0      0   7001   1492 
 19:02:21       0     57      4      0      0      0      0   7001   1972 
 19:02:22       0     57      4      0      0      0      0   7001   1972 
 19:02:23       0     57      4      0      0      0      0   7001   1972 
 19:02:24       0     58      4      0      0      0      0   7001   1972 
 19:02:25       0     58      4      0      0      0      0   7001   1972 
 19:02:26       0     57      4      0      0      0      0   7001   1972 
 19:02:27       0     58      4      0      0      0      0   7001   1972 
 19:02:28       0     57      4      0      0      0      0   7001   1972 
 19:02:29       0     57      4      0      0      0      0   7001   1972 
 19:02:30       0     57      4      0      0      0      0   7001   1972 
 19:02:31       0     58      4      0      0      0      0   7001   1972 
 19:02:32       0     58      4      0      0      0      0   7001   1972 
 19:02:33       0     58      4      0      0      0      0   7001   1972 
 19:02:34       0     58      4      0      0      0      0   7001   1972 
 19:02:35       0     57      4      0      0      0      0   7001   1972 
 19:02:36       0      0      0      0      0      0      0   7001   1972 
 19:02:37       0      0      0      0      0      0      0   7001   1972 
 19:02:38       0      0      0      0      0      0      0   7001   1492 
 19:02:39       0      0      0      0      0      0      0   7001   1492 
 19:02:40       0      0      0      0      0      0      0   7001   1492 
 19:02:41       0      0      0      0      0      0      0   7001   1492 
 19:02:42       0      0      0      0      0      0      0   7001   1492 
 19:02:43       0      0      0      0      0      0      0   7001   1492 
 19:02:44       0      0      0      0      0      0      0   7001   1492 
 19:02:45       0      0      0      0      0      0      0   7001   1492 
 19:02:46       0      0      0      0      0      0      0   7001   1492 
 19:02:47       0      0      0      0      0      0      0   7001   1492 
 19:02:48       0      0      0      0      0      0      0   7001   1492 
 19:02:49       0      0      0      0      0      0      0   7001   1492 
 19:02:50       0      0      0      0      0      0      0   7001   1492 
 19:02:51       0      0      0      0      0      0      0   7001   1492 
 19:02:52       0     68      4      0      0      0      0   7001   1912 
 19:02:53       0     57      4      0      0      0      0   7001   1972 
#Time         gpu     sm    mem    enc    dec    jpg    ofa   mclk   pclk 
#HH:MM:SS     Idx      %      %      %      %      %      %    MHz    MHz 
 19:02:54       0     57      4      0      0      0      0   7001   1972 
 19:02:55       0     58      4      0      0      0      0   7001   1972 
 19:02:56       0     58      4      0      0      0      0   7001   1972 
 19:02:57       0     58      4      0      0      0      0   7001   1972 
 19:02:58       0     58      4      0      0      0      0   7001   1972 
 19:02:59       0     58      4      0      0      0      0   7001   1972 
 19:03:00       0     57      4      0      0      0      0   7001   1972 
 19:03:01       0     57      4      0      0      0      0   7001   1972 
 19:03:02       0     57      4      0      0      0      0   7001   1972 
 19:03:03       0     58      4      0      0      0      0   7001   1972 
 19:03:04       0     58      4      0      0      0      0   7001   1972 
 19:03:05       0     58      4      0      0      0      0   7001   1972 
 19:03:06       0     58      4      0      0      0      0   7001   1972 
 19:03:07       0     58      4      0      0      0      0   7001   1972 
 19:03:08       0      0      0      0      0      0      0   7001   1972 
 19:03:09       0      0      0      0      0      0      0   7001   1972 
 19:03:10       0      0      0      0      0      0      0   7001   1492 
 19:03:11       0      0      0      0      0      0      0   7001   1492 
 19:03:12       0      0      0      0      0      0      0   7001   1492 
 19:03:13       0      0      0      0      0      0      0   7001   1492 
 19:03:14       0      0      0      0      0      0      0   7001   1492 
 19:03:15       0      0      0      0      0      0      0   7001   1492 
 19:03:16       0      0      0      0      0      0      0   7001   1492 
 19:03:17       0      0      0      0      0      0      0   7001   1492 
 19:03:18       0      0      0      0      0      0      0   7001   1492 
 19:03:19       0      0      0      0      0      0      0   7001   1492 
 19:03:20       0      0      0      0      0      0      0   7001   1492 
 19:03:21       0      0      0      0      0      0      0   7001   1492 
 19:03:22       0      0      0      0      0      0      0   7001   1492 
 19:03:23       0      0      0      0      0      0      0   7001   1492 
 19:03:24       0     68      4      0      0      0      0   7001   1680 
 19:03:25       0     57      4      0      0      0      0   7001   1972 
 19:03:26       0     57      4      0      0      0      0   7001   1972 
 19:03:27       0     57      4      0      0      0      0   7001   1972 
 19:03:28       0     57      4      0      0      0      0   7001   1972 
 19:03:29       0     58      4      0      0      0      0   7001   1972 
 19:03:30       0     58      4      0      0      0      0   7001   1972 
 19:03:31       0     58      4      0      0      0      0   7001   1972 
 19:03:32       0     57      4      0      0      0      0   7001   1972 
 19:03:33       0     57      4      0      0      0      0   7001   1972 
 19:03:34       0     57      4      0      0      0      0   7001   1972 
 19:03:35       0     58      4      0      0      0      0   7001   1972 
 19:03:36       0     58      4      0      0      0      0   7001   1972 
 19:03:37       0     58      4      0      0      0      0   7001   1972 
#Time         gpu     sm    mem    enc    dec    jpg    ofa   mclk   pclk 
#HH:MM:SS     Idx      %      %      %      %      %      %    MHz    MHz 
 19:03:38       0     58      4      0      0      0      0   7001   1972 
 19:03:39       0     58      4      0      0      0      0   7001   1972 
 19:03:40       0      0      0      0      0      0      0   7001   1972 
 19:03:41       0      0      0      0      0      0      0   7001   1972 
 19:03:42       0      0      0      0      0      0      0   7001   1492 
 19:03:43       0      0      0      0      0      0      0   7001   1492 
 19:03:44       0      0      0      0      0      0      0   7001   1492 
 19:03:45       0      0      0      0      0      0      0   7001   1492 
 19:03:46       0      0      0      0      0      0      0   7001   1492 
 19:03:47       0      0      0      0      0      0      0   7001   1492 
 19:03:48       0      0      0      0      0      0      0   7001   1492 
 19:03:49       0      0      0      0      0      0      0   7001   1492 
 19:03:50       0      0      0      0      0      0      0   7001   1492 
 19:03:51       0      0      0      0      0      0      0   7001   1492 
 19:03:52       0      0      0      0      0      0      0   7001   1492 
 19:03:53       0      0      0      0      0      0      0   7001   1492 
 19:03:54       0      0      0      0      0      0      0   7001   1492 
 19:03:55       0      0      0      0      0      0      0   7001   1492 
 19:03:56       0     69      4      0      0      0      0   7001   1492 
 19:03:57       0     58      4      0      0      0      0   7001   1972 
 19:03:58       0     58      4      0      0      0      0   7001   1972 
 19:03:59       0     58      4      0      0      0      0   7001   1972 
 19:04:00       0     58      4      0      0      0      0   7001   1972 
 19:04:01       0     58      4      0      0      0      0   7001   1972 
 19:04:02       0     58      4      0      0      0      0   7001   1972 
 19:04:03       0     58      4      0      0      0      0   7001   1972 
 19:04:04       0     57      4      0      0      0      0   7001   1972 
 19:04:05       0     57      4      0      0      0      0   7001   1972 
 19:04:06       0     57      4      0      0      0      0   7001   1972 
 19:04:07       0     57      4      0      0      0      0   7001   1972 
 19:04:08       0     57      4      0      0      0      0   7001   1972 
 19:04:09       0     58      4      0      0      0      0   7001   1972 
 19:04:10       0     57      4      0      0      0      0   7001   1972 
 19:04:11       0     57      4      0      0      0      0   7001   1972 
 19:04:12       0      0      0      0      0      0      0   7001   1972 
 19:04:13       0      0      0      0      0      0      0   7001   1972 
 19:04:14       0      0      0      0      0      0      0   7001   1492 
 19:04:15       0      0      0      0      0      0      0   7001   1492 
 19:04:16       0      0      0      0      0      0      0   7001   1492 
 19:04:17       0      0      0      0      0      0      0   7001   1492 
 19:04:18       0      0      0      0      0      0      0   7001   1492 
 19:04:19       0      0      0      0      0      0      0   7001   1492 
