#Time         gpu     sm    mem    enc    dec    jpg    ofa   mclk   pclk 
#HH:MM:SS     Idx      %      %      %      %      %      %    MHz    MHz 
 19:00:00       0      0      0      0      0      0      0   7001   1492 
 19:00:01       0      0      0      0      0      0      0   7001   1492 
 19:00:02       0      0      0      0      0      0      0   7001   1492 
 19:00:03       0      0      0      0      0      0      0   7001   1492 
 19:00:04       0      0      0      0      0      0      0   7001   1492 
 19:00:05       0      0      0      0      0      0      0   7001   1492 
 19:00:06       0      0      0      0      0      0      0   7001   1492 
 19:00:07       0      0      0      0      0      0      0   7001   1492 
 19:00:08       0      0      0      0      0      0      0   7001   1492 
 19:00:09       0      0      0      0      0      0      0   7001   1492 
 19:00:10       0      0      0      0      0      0      0   7001   1492 
 19:00:11       0     94     38      0      0      0      0   7001   1965 
 19:00:12       0     95     38      0      0      0      0   7001   1965 
 19:00:13       0     95     38      0      0      0      0   7001   1965 
 19:00:14       0     95     38      0      0      0      0   7001   1965 
 19:00:15       0     95     38      0      0      0      0   7001   1965 
 19:00:16       0     96     39      0      0      0      0   7001   1965 
 19:00:17       0     96     38      0      0      0      0   7001   1965 
 19:00:18       0     95     38      0      0      0      0   7001   1965 
 19:00:19       0     95     38      0      0      0      0   7001   1965 
 19:00:20       0     95     38      0      0      0      0   7001   1965 
 19:00:21       0     95     38      0      0      0      0   7001   1965 
 19:00:22       0     96     38      0      0      0      0   7001   1965 
 19:00:23       0     96     38      0      0      0      0   7001   1965 
 19:00:24       0     95     38      0      0      0      0   7001   1965 
 19:00:25       0     95     38      0      0      0      0   7001   1965 
 19:00:26       0     95     38      0      0      0      0   7001   1965 
 19:00:27       0      0      0      0      0      0      0   7001   1965 
 19:00:28       0      0      0      0      0      0      0   7001   1965 
 19:00:29       0      0      0      0      0      0      0   7001   1492 
 19:00:30       0      0      0      0      0      0      0   7001   1492 
 19:00:31       0      0      0      0      0      0      0   7001   1492 
 19:00:32       0      0      0      0      0      0      0   7001   1492 
 19:00:33       0      0      0      0      0      0      0   7001   1492 
 19:00:34       0      0      0      0      0      0      0   7001   1492 
 19:00:35       0      0      0      0      0      0      0   7001   1492 
 19:00:36       0      0      0      0      0      0      0   7001   1492 
 19:00:37       0      0      0      0      0      0      0   7001   1492 
 19:00:38       0      0      0      0      0      0      0   7001   1492 
 19:00:39       0      0      0      0      0      0      0   7001   1492 
 19:00:40       0      0      0      0      0      0      0   7001   1492 
 19:00:41       0      0      0      0      0      0      0   7001   1492 
 19:00:42       0      0      0      0      0      0      0   7001   1492 
 19:00:43       0     89     36      0      0      0      0   7001   1965 
#Time         gpu     sm    mem    enc    dec    jpg    ofa   mclk   pclk 
#HH:MM:SS     Idx      %      %      %      %      %      %    MHz    MHz 
 19:00:44       0     89     36      0      0      0      0   7001   1965 
 19:00:45       0     89     36      0      0      0      0   7001   1965 
 19:00:46       0     90     36      0      0      0      0   7001   1965 
 19:00:47       0     89     36      0      0      0      0   7001   1965 
 19:00:48       0     95     38      0      0      0      0   7001   1965 
 19:00:49       0     96     38      0      0      0      0   7001   1965 
 19:00:50       0     95     38      0      0      0      0   7001   1965 
 19:00:51       0     95     38      0      0      0      0   7001   1965 
 19:00:52       0     95     38      0      0      0      0   7001   1965 
 19:00:53       0     95     38      0      0      0      0   7001   1965 
 19:00:54       0     95     38      0      0      0      0   7001   1965 
 19:00:55       0     95     38      0      0      0      0   7001   1965 
 19:00:56       0     96     38      0      0      0      0   7001   1965 
 19:00:57       0     96     38      0      0      0      0   7001   1965 
 19:00:58       0     96     38      0      0      0      0   7001   1965 
 19:00:59       0      0      0      0      0      0      0   7001   1965 
 19:01:00       0      0      0      0      0      0      0   7001   1492 
 19:01:01       0      0      0      0      0      0      0   7001   1492 
 19:01:02       0      0      0      0      0      0      0   7001   1492 
 19:01:03       0      0      0      0      0      0      0   7001   1492 
 19:01:04       0      0      0      0      0      0      0   7001   1492 
 19:01:05       0      0      0      0      0      0      0   7001   1492 
 19:01:06       0      0      0      0      0      0      0   7001   1492 
 19:01:07       0      0      0      0      0      0      0   7001   1492 
 19:01:08       0      0      0      0      0      0      0   7001   1492 
 19:01:09       0      0      0      0      0      0      0   7001   1492 
 19:01:10       0      0      0      0      0      0      0   7001   1492 
 19:01:11       0      0      0      0      0      0      0   7001   1492 
 19:01:12       0      0      0      0      0      0      0   7001   1492 
 19:01:13       0      0      0      0      0      0      0   7001   1492 
 19:01:14       0     90     36      0      0      0      0   7001   1972 
 19:01:15       0     90     36      0      0      0      0   7001   1965 
 19:01:16       0     90     36      0      0      0      0   7001   1965 
 19:01:17       0     90     36      0      0      0      0   7001   1965 
 19:01:18       0     96     38      0      0      0      0   7001   1965 
 19:01:19       0     94     38      0      0      0      0   7001   1965 
 19:01:20       0     94     38      0      0      0      0   7001   1965 
 19:01:21       0     94     38      0      0      0      0   7001   1965 
 19:01:22       0     95     38      0      0      0      0   7001   1965 
 19:01:23       0     95     38      0      0      0      0   7001   1965 
 19:01:24       0     96     38      0      0      0      0   7001   1965 
 19:01:25       0     95     38      0      0      0      0   7001   1965 
 19:01:26       0     96     39      0      0      0      0   7001   1965 
 19:01:27       0     96     38      0      0      0      0   7001   1965 
#Time         gpu     sm    mem    enc    dec    jpg    ofa   mclk   pclk 
#HH:MM:SS     Idx      %      %      %      %      %      %    MHz    MHz 
 19:01:28       0     96     38      0      0      0      0   7001   1965 
 19:01:29       0     94     38      0      0      0      0   7001   1965 
 19:01:30       0      0      0      0      0      0      0   7001   1965 
 19:01:31       0      0      0      0      0      0      0   7001   1965 
 19:01:32       0      0      0      0      0      0      0   7001   1492 
 19:01:33       0      0      0      0      0      0      0   7001   1492 
 19:01:34       0      0      0      0      0      0      0   7001   1492 
 19:01:35       0      0      0      0      0      0      0   7001   1492 
 19:01:36       0      0      0      0      0      0      0   7001   1492 
 19:01:37       0      0      0      0      0      0      0   7001   1492 
 19:01:38       0      0      0      0      0      0      0   7001   1492 
 19:01:39       0      0      0      0      0      0      0   7001   1492 
 19:01:40       0      0      0      0      0      0      0   7001   1492 
 19:01:41       0      0      0      0      0      0      0   7001   1492 
 19:01:42       0      0      0      0      0      0      0   7001   1492 
 19:01:43       0      0      0      0      0      0      0   7001   1492 
 19:01:44       0      0      0      0      0      0      0   7001   1492 
 19:01:45       0      0      0      0      0      0      0   7001   1492 
 19:01:46       0     90     36      0      0      0      0   7001   1972 
 19:01:47       0     90     36      0      0      0      0   7001   1965 
 19:01:48       0     89     36      0      0      0      0   7001   1965 
 19:01:49       0     90     36      0      0      0      0   7001   1965 
 19:01:50       0     90     36      0      0      0      0   7001   1965 
 19:01:51       0     90     36      0      0      0      0   7001   1965 
 19:01:52       0     90     36      0      0      0      0   7001   1965 
 19:01:53       0     90     36      0      0      0      0   7001   1965 
 19:01:54       0     90     36      0      0      0      0   7001   1965 
 19:01:55       0     90     36      0      0      0      0   7001   1965 
 19:01:56       0     90     36      0      0      0      0   7001   1965 
 19:01:57       0     90     36      0      0      0      0   7001   1965 
 19:01:58       0     90     36      0      0      0      0   7001   1965 
 19:01:59       0     90     36      0      0      0      0   7001   1965 
 19:02:00       0     90     36      0      0      0      0   7001   1965 
 19:02:01       0     90     36      0      0      0      0   7001   1965 
 19:02:02       0      0      1      0      0      0      0   7001   1965 
 19:02:03       0      0      1      0      0      0      0   7001   1965 
 19:02:04       0      0      1      0      0      0      0   7001   1492 
 19:02:05       0      0      1      0      0      0      0   7001   1492 
 19:02:06       0      0      1      0      0      0      0   7001   1492 
 19:02:07       0      0      1      0      0      0      0   7001   1492 
 19:02:08       0      0      1      0      0      0      0   7001   1492 
 19:02:09       0      0      1      0      0      0      0   7001   1492 
