========================================================================
Starting Stage 4b Runner: kind=main session=3 at 2026-10-07T19:22:34Z
Output directory: /home/shohan/green-ai-research/green-ai-energy-phase1/results_stage4b/main_session3
========================================================================
[Preflight] Checking tracked files git status...
[Preflight] Ensuring CPU governor is performance...
[Preflight] Checking platform profile...
[Preflight] Checking AC online...
[Preflight] Checking foreign GPU processes...
[Preflight] Checking power_watchdog...
Starting power_watchdog in background...
[Preflight] Checking for stale power stop marker...
[Preflight] System boot time: 2026-10-08 01:20:24, uptime: 131.27s
Generating presentation order for main session 3...
Generated order with seed 1003: 30 conditions.
------------------------------------------------------------------------
[efficientnet_b0_pruned30] Starting at uptime 131.31s...
------------------------------------------------------------------------
/home/shohan/green-ai-research/green-ai-energy-phase1/pilot.py:64: FutureWarning: The pynvml package is deprecated. Please install nvidia-ml-py instead. If you did not install pynvml directly, please report this to the maintainers of the package that installed pynvml for you.
  import pynvml as nv
[efficientnet_b0_pruned30] Successfully finished.
------------------------------------------------------------------------
[efficientnet_b0_pruned50_bnrecal] Starting at uptime 358.60s...
------------------------------------------------------------------------
/home/shohan/green-ai-research/green-ai-energy-phase1/pilot.py:64: FutureWarning: The pynvml package is deprecated. Please install nvidia-ml-py instead. If you did not install pynvml directly, please report this to the maintainers of the package that installed pynvml for you.
  import pynvml as nv
[efficientnet_b0_pruned50_bnrecal] Successfully finished.
------------------------------------------------------------------------
[mobilenet_v3_small_pruned50] Starting at uptime 584.92s...
------------------------------------------------------------------------
/home/shohan/green-ai-research/green-ai-energy-phase1/pilot.py:64: FutureWarning: The pynvml package is deprecated. Please install nvidia-ml-py instead. If you did not install pynvml directly, please report this to the maintainers of the package that installed pynvml for you.
  import pynvml as nv
[mobilenet_v3_small_pruned50] Successfully finished.
------------------------------------------------------------------------
[mobilenet_v3_small_int8] Starting at uptime 811.18s...
------------------------------------------------------------------------
/home/shohan/green-ai-research/measurement_env/lib/python3.12/site-packages/torch/cuda/__init__.py:61: FutureWarning: The pynvml package is deprecated. Please install nvidia-ml-py instead. If you did not install pynvml directly, please report this to the maintainers of the package that installed pynvml for you.
  import pynvml  # type: ignore[import]
[mobilenet_v3_small_int8] Successfully finished.
------------------------------------------------------------------------
[resnet18_pruned50_bnrecal] Starting at uptime 1037.23s...
------------------------------------------------------------------------
/home/shohan/green-ai-research/green-ai-energy-phase1/pilot.py:64: FutureWarning: The pynvml package is deprecated. Please install nvidia-ml-py instead. If you did not install pynvml directly, please report this to the maintainers of the package that installed pynvml for you.
  import pynvml as nv
[resnet18_pruned50_bnrecal] Successfully finished.
------------------------------------------------------------------------
[efficientnet_b0_fp32] Starting at uptime 1263.51s...
------------------------------------------------------------------------
/home/shohan/green-ai-research/green-ai-energy-phase1/pilot.py:64: FutureWarning: The pynvml package is deprecated. Please install nvidia-ml-py instead. If you did not install pynvml directly, please report this to the maintainers of the package that installed pynvml for you.
  import pynvml as nv
[efficientnet_b0_fp32] Successfully finished.
------------------------------------------------------------------------
[efficientnet_b0_pruned70_bnrecal] Starting at uptime 1489.88s...
------------------------------------------------------------------------
/home/shohan/green-ai-research/green-ai-energy-phase1/pilot.py:64: FutureWarning: The pynvml package is deprecated. Please install nvidia-ml-py instead. If you did not install pynvml directly, please report this to the maintainers of the package that installed pynvml for you.
  import pynvml as nv
[efficientnet_b0_pruned70_bnrecal] Successfully finished.
------------------------------------------------------------------------
[resnet18_pruned50] Starting at uptime 1716.19s...
------------------------------------------------------------------------
/home/shohan/green-ai-research/green-ai-energy-phase1/pilot.py:64: FutureWarning: The pynvml package is deprecated. Please install nvidia-ml-py instead. If you did not install pynvml directly, please report this to the maintainers of the package that installed pynvml for you.
  import pynvml as nv
[resnet18_pruned50] Successfully finished.
------------------------------------------------------------------------
[mobilenet_v3_small_fp32_cpu] Starting at uptime 1942.49s...
------------------------------------------------------------------------
WARNING: System uptime is 32 min, over the 30-min fresh-boot threshold (stage4_preflight_findings.md: every observed power-regime dip happened in a long-uptime session; reboot before starting a real matrix run).
/home/shohan/green-ai-research/measurement_env/lib/python3.12/site-packages/torch/cuda/__init__.py:61: FutureWarning: The pynvml package is deprecated. Please install nvidia-ml-py instead. If you did not install pynvml directly, please report this to the maintainers of the package that installed pynvml for you.
  import pynvml  # type: ignore[import]
[mobilenet_v3_small_fp32_cpu] Successfully finished.
------------------------------------------------------------------------
[mobilenet_v3_small_pruned50_bnrecal] Starting at uptime 2168.49s...
------------------------------------------------------------------------
WARNING: System uptime is 36 min, over the 30-min fresh-boot threshold (stage4_preflight_findings.md: every observed power-regime dip happened in a long-uptime session; reboot before starting a real matrix run).
/home/shohan/green-ai-research/green-ai-energy-phase1/pilot.py:64: FutureWarning: The pynvml package is deprecated. Please install nvidia-ml-py instead. If you did not install pynvml directly, please report this to the maintainers of the package that installed pynvml for you.
  import pynvml as nv
[mobilenet_v3_small_pruned50_bnrecal] Successfully finished.
------------------------------------------------------------------------
[resnet18_fp32_cpu] Starting at uptime 2394.85s...
------------------------------------------------------------------------
WARNING: System uptime is 40 min, over the 30-min fresh-boot threshold (stage4_preflight_findings.md: every observed power-regime dip happened in a long-uptime session; reboot before starting a real matrix run).
/home/shohan/green-ai-research/measurement_env/lib/python3.12/site-packages/torch/cuda/__init__.py:61: FutureWarning: The pynvml package is deprecated. Please install nvidia-ml-py instead. If you did not install pynvml directly, please report this to the maintainers of the package that installed pynvml for you.
  import pynvml  # type: ignore[import]
[resnet18_fp32_cpu] Successfully finished.
------------------------------------------------------------------------
[resnet18_pruned30_bnrecal] Starting at uptime 2620.96s...
------------------------------------------------------------------------
WARNING: System uptime is 44 min, over the 30-min fresh-boot threshold (stage4_preflight_findings.md: every observed power-regime dip happened in a long-uptime session; reboot before starting a real matrix run).
/home/shohan/green-ai-research/green-ai-energy-phase1/pilot.py:64: FutureWarning: The pynvml package is deprecated. Please install nvidia-ml-py instead. If you did not install pynvml directly, please report this to the maintainers of the package that installed pynvml for you.
  import pynvml as nv
[resnet18_pruned30_bnrecal] Successfully finished.
------------------------------------------------------------------------
[resnet18_pruned70] Starting at uptime 2847.29s...
------------------------------------------------------------------------
WARNING: System uptime is 47 min, over the 30-min fresh-boot threshold (stage4_preflight_findings.md: every observed power-regime dip happened in a long-uptime session; reboot before starting a real matrix run).
/home/shohan/green-ai-research/green-ai-energy-phase1/pilot.py:64: FutureWarning: The pynvml package is deprecated. Please install nvidia-ml-py instead. If you did not install pynvml directly, please report this to the maintainers of the package that installed pynvml for you.
  import pynvml as nv
[resnet18_pruned70] Successfully finished.
------------------------------------------------------------------------
[resnet18_fp16] Starting at uptime 3073.56s...
------------------------------------------------------------------------
WARNING: System uptime is 51 min, over the 30-min fresh-boot threshold (stage4_preflight_findings.md: every observed power-regime dip happened in a long-uptime session; reboot before starting a real matrix run).
/home/shohan/green-ai-research/green-ai-energy-phase1/pilot.py:64: FutureWarning: The pynvml package is deprecated. Please install nvidia-ml-py instead. If you did not install pynvml directly, please report this to the maintainers of the package that installed pynvml for you.
  import pynvml as nv
[resnet18_fp16] Successfully finished.
------------------------------------------------------------------------
[resnet18_int8] Starting at uptime 3299.86s...
------------------------------------------------------------------------
WARNING: System uptime is 55 min, over the 30-min fresh-boot threshold (stage4_preflight_findings.md: every observed power-regime dip happened in a long-uptime session; reboot before starting a real matrix run).
/home/shohan/green-ai-research/measurement_env/lib/python3.12/site-packages/torch/cuda/__init__.py:61: FutureWarning: The pynvml package is deprecated. Please install nvidia-ml-py instead. If you did not install pynvml directly, please report this to the maintainers of the package that installed pynvml for you.
  import pynvml  # type: ignore[import]
[resnet18_int8] Successfully finished.
------------------------------------------------------------------------
[efficientnet_b0_fp16] Starting at uptime 3525.91s...
------------------------------------------------------------------------
WARNING: System uptime is 59 min, over the 30-min fresh-boot threshold (stage4_preflight_findings.md: every observed power-regime dip happened in a long-uptime session; reboot before starting a real matrix run).
/home/shohan/green-ai-research/green-ai-energy-phase1/pilot.py:64: FutureWarning: The pynvml package is deprecated. Please install nvidia-ml-py instead. If you did not install pynvml directly, please report this to the maintainers of the package that installed pynvml for you.
  import pynvml as nv
[efficientnet_b0_fp16] Successfully finished.
------------------------------------------------------------------------
[efficientnet_b0_fp32_cpu] Starting at uptime 3752.32s...
------------------------------------------------------------------------
WARNING: System uptime is 63 min, over the 30-min fresh-boot threshold (stage4_preflight_findings.md: every observed power-regime dip happened in a long-uptime session; reboot before starting a real matrix run).
/home/shohan/green-ai-research/measurement_env/lib/python3.12/site-packages/torch/cuda/__init__.py:61: FutureWarning: The pynvml package is deprecated. Please install nvidia-ml-py instead. If you did not install pynvml directly, please report this to the maintainers of the package that installed pynvml for you.
  import pynvml  # type: ignore[import]
[efficientnet_b0_fp32_cpu] Successfully finished.
------------------------------------------------------------------------
[resnet18_pruned30] Starting at uptime 3978.38s...
------------------------------------------------------------------------
WARNING: System uptime is 66 min, over the 30-min fresh-boot threshold (stage4_preflight_findings.md: every observed power-regime dip happened in a long-uptime session; reboot before starting a real matrix run).
/home/shohan/green-ai-research/green-ai-energy-phase1/pilot.py:64: FutureWarning: The pynvml package is deprecated. Please install nvidia-ml-py instead. If you did not install pynvml directly, please report this to the maintainers of the package that installed pynvml for you.
  import pynvml as nv
[resnet18_pruned30] Successfully finished.
------------------------------------------------------------------------
[mobilenet_v3_small_fp32] Starting at uptime 4204.72s...
------------------------------------------------------------------------
WARNING: System uptime is 70 min, over the 30-min fresh-boot threshold (stage4_preflight_findings.md: every observed power-regime dip happened in a long-uptime session; reboot before starting a real matrix run).
/home/shohan/green-ai-research/green-ai-energy-phase1/pilot.py:64: FutureWarning: The pynvml package is deprecated. Please install nvidia-ml-py instead. If you did not install pynvml directly, please report this to the maintainers of the package that installed pynvml for you.
  import pynvml as nv
[mobilenet_v3_small_fp32] Successfully finished.
------------------------------------------------------------------------
[resnet18_fp32] Starting at uptime 4430.98s...
------------------------------------------------------------------------
WARNING: System uptime is 74 min, over the 30-min fresh-boot threshold (stage4_preflight_findings.md: every observed power-regime dip happened in a long-uptime session; reboot before starting a real matrix run).
/home/shohan/green-ai-research/green-ai-energy-phase1/pilot.py:64: FutureWarning: The pynvml package is deprecated. Please install nvidia-ml-py instead. If you did not install pynvml directly, please report this to the maintainers of the package that installed pynvml for you.
  import pynvml as nv
[resnet18_fp32] Successfully finished.
------------------------------------------------------------------------
[mobilenet_v3_small_pruned30] Starting at uptime 4657.28s...
------------------------------------------------------------------------
WARNING: System uptime is 78 min, over the 30-min fresh-boot threshold (stage4_preflight_findings.md: every observed power-regime dip happened in a long-uptime session; reboot before starting a real matrix run).
/home/shohan/green-ai-research/green-ai-energy-phase1/pilot.py:64: FutureWarning: The pynvml package is deprecated. Please install nvidia-ml-py instead. If you did not install pynvml directly, please report this to the maintainers of the package that installed pynvml for you.
  import pynvml as nv
[mobilenet_v3_small_pruned30] Successfully finished.
------------------------------------------------------------------------
[efficientnet_b0_pruned30_bnrecal] Starting at uptime 4883.61s...
------------------------------------------------------------------------
WARNING: System uptime is 81 min, over the 30-min fresh-boot threshold (stage4_preflight_findings.md: every observed power-regime dip happened in a long-uptime session; reboot before starting a real matrix run).
/home/shohan/green-ai-research/green-ai-energy-phase1/pilot.py:64: FutureWarning: The pynvml package is deprecated. Please install nvidia-ml-py instead. If you did not install pynvml directly, please report this to the maintainers of the package that installed pynvml for you.
  import pynvml as nv
[efficientnet_b0_pruned30_bnrecal] Successfully finished.
------------------------------------------------------------------------
[efficientnet_b0_int8] Starting at uptime 5109.96s...
------------------------------------------------------------------------
WARNING: System uptime is 85 min, over the 30-min fresh-boot threshold (stage4_preflight_findings.md: every observed power-regime dip happened in a long-uptime session; reboot before starting a real matrix run).
/home/shohan/green-ai-research/measurement_env/lib/python3.12/site-packages/torch/cuda/__init__.py:61: FutureWarning: The pynvml package is deprecated. Please install nvidia-ml-py instead. If you did not install pynvml directly, please report this to the maintainers of the package that installed pynvml for you.
  import pynvml  # type: ignore[import]
[efficientnet_b0_int8] Successfully finished.
------------------------------------------------------------------------
[efficientnet_b0_pruned70] Starting at uptime 5336.11s...
------------------------------------------------------------------------
WARNING: System uptime is 89 min, over the 30-min fresh-boot threshold (stage4_preflight_findings.md: every observed power-regime dip happened in a long-uptime session; reboot before starting a real matrix run).
/home/shohan/green-ai-research/green-ai-energy-phase1/pilot.py:64: FutureWarning: The pynvml package is deprecated. Please install nvidia-ml-py instead. If you did not install pynvml directly, please report this to the maintainers of the package that installed pynvml for you.
  import pynvml as nv
[efficientnet_b0_pruned70] Successfully finished.
------------------------------------------------------------------------
[mobilenet_v3_small_pruned70] Starting at uptime 5562.49s...
------------------------------------------------------------------------
WARNING: System uptime is 93 min, over the 30-min fresh-boot threshold (stage4_preflight_findings.md: every observed power-regime dip happened in a long-uptime session; reboot before starting a real matrix run).
/home/shohan/green-ai-research/green-ai-energy-phase1/pilot.py:64: FutureWarning: The pynvml package is deprecated. Please install nvidia-ml-py instead. If you did not install pynvml directly, please report this to the maintainers of the package that installed pynvml for you.
  import pynvml as nv
[mobilenet_v3_small_pruned70] Successfully finished.
------------------------------------------------------------------------
[efficientnet_b0_pruned50] Starting at uptime 5788.79s...
------------------------------------------------------------------------
WARNING: System uptime is 96 min, over the 30-min fresh-boot threshold (stage4_preflight_findings.md: every observed power-regime dip happened in a long-uptime session; reboot before starting a real matrix run).
/home/shohan/green-ai-research/green-ai-energy-phase1/pilot.py:64: FutureWarning: The pynvml package is deprecated. Please install nvidia-ml-py instead. If you did not install pynvml directly, please report this to the maintainers of the package that installed pynvml for you.
  import pynvml as nv
[efficientnet_b0_pruned50] Successfully finished.
------------------------------------------------------------------------
[resnet18_pruned70_bnrecal] Starting at uptime 6015.10s...
------------------------------------------------------------------------
WARNING: System uptime is 100 min, over the 30-min fresh-boot threshold (stage4_preflight_findings.md: every observed power-regime dip happened in a long-uptime session; reboot before starting a real matrix run).
/home/shohan/green-ai-research/green-ai-energy-phase1/pilot.py:64: FutureWarning: The pynvml package is deprecated. Please install nvidia-ml-py instead. If you did not install pynvml directly, please report this to the maintainers of the package that installed pynvml for you.
  import pynvml as nv
[resnet18_pruned70_bnrecal] Successfully finished.
------------------------------------------------------------------------
[mobilenet_v3_small_fp16] Starting at uptime 6241.32s...
------------------------------------------------------------------------
WARNING: System uptime is 104 min, over the 30-min fresh-boot threshold (stage4_preflight_findings.md: every observed power-regime dip happened in a long-uptime session; reboot before starting a real matrix run).
/home/shohan/green-ai-research/green-ai-energy-phase1/pilot.py:64: FutureWarning: The pynvml package is deprecated. Please install nvidia-ml-py instead. If you did not install pynvml directly, please report this to the maintainers of the package that installed pynvml for you.
  import pynvml as nv
[mobilenet_v3_small_fp16] Successfully finished.
------------------------------------------------------------------------
[mobilenet_v3_small_pruned70_bnrecal] Starting at uptime 6467.58s...
------------------------------------------------------------------------
WARNING: System uptime is 108 min, over the 30-min fresh-boot threshold (stage4_preflight_findings.md: every observed power-regime dip happened in a long-uptime session; reboot before starting a real matrix run).
/home/shohan/green-ai-research/green-ai-energy-phase1/pilot.py:64: FutureWarning: The pynvml package is deprecated. Please install nvidia-ml-py instead. If you did not install pynvml directly, please report this to the maintainers of the package that installed pynvml for you.
  import pynvml as nv
[mobilenet_v3_small_pruned70_bnrecal] Successfully finished.
------------------------------------------------------------------------
[mobilenet_v3_small_pruned30_bnrecal] Starting at uptime 6693.92s...
------------------------------------------------------------------------
WARNING: System uptime is 112 min, over the 30-min fresh-boot threshold (stage4_preflight_findings.md: every observed power-regime dip happened in a long-uptime session; reboot before starting a real matrix run).
/home/shohan/green-ai-research/green-ai-energy-phase1/pilot.py:64: FutureWarning: The pynvml package is deprecated. Please install nvidia-ml-py instead. If you did not install pynvml directly, please report this to the maintainers of the package that installed pynvml for you.
  import pynvml as nv
[mobilenet_v3_small_pruned30_bnrecal] Successfully finished.
Writing session log to /home/shohan/green-ai-research/green-ai-energy-phase1/results_stage4b/main_session3/session_log.md...
session_log.md created.
Committing session results to git...
[master 71404b7] Results: Stage 4b main session 3
 153 files changed, 4137 insertions(+)
 create mode 100644 results_stage4b/main_session3/efficientnet_b0_fp16/environment.json
 create mode 100644 results_stage4b/main_session3/efficientnet_b0_fp16/raw.jsonl
 create mode 100644 results_stage4b/main_session3/efficientnet_b0_fp16/resume_state.json
 create mode 100644 results_stage4b/main_session3/efficientnet_b0_fp16/summary.csv
 create mode 100644 results_stage4b/main_session3/efficientnet_b0_fp16/windows.csv
 create mode 100644 results_stage4b/main_session3/efficientnet_b0_fp32/environment.json
 create mode 100644 results_stage4b/main_session3/efficientnet_b0_fp32/raw.jsonl
 create mode 100644 results_stage4b/main_session3/efficientnet_b0_fp32/resume_state.json
 create mode 100644 results_stage4b/main_session3/efficientnet_b0_fp32/summary.csv
 create mode 100644 results_stage4b/main_session3/efficientnet_b0_fp32/windows.csv
 create mode 100644 results_stage4b/main_session3/efficientnet_b0_fp32_cpu/environment.json
 create mode 100644 results_stage4b/main_session3/efficientnet_b0_fp32_cpu/raw.jsonl
 create mode 100644 results_stage4b/main_session3/efficientnet_b0_fp32_cpu/resume_state.json
 create mode 100644 results_stage4b/main_session3/efficientnet_b0_fp32_cpu/summary.csv
 create mode 100644 results_stage4b/main_session3/efficientnet_b0_fp32_cpu/windows.csv
 create mode 100644 results_stage4b/main_session3/efficientnet_b0_int8/environment.json
 create mode 100644 results_stage4b/main_session3/efficientnet_b0_int8/raw.jsonl
 create mode 100644 results_stage4b/main_session3/efficientnet_b0_int8/resume_state.json
 create mode 100644 results_stage4b/main_session3/efficientnet_b0_int8/summary.csv
 create mode 100644 results_stage4b/main_session3/efficientnet_b0_int8/windows.csv
 create mode 100644 results_stage4b/main_session3/efficientnet_b0_pruned30/environment.json
 create mode 100644 results_stage4b/main_session3/efficientnet_b0_pruned30/raw.jsonl
 create mode 100644 results_stage4b/main_session3/efficientnet_b0_pruned30/resume_state.json
 create mode 100644 results_stage4b/main_session3/efficientnet_b0_pruned30/summary.csv
 create mode 100644 results_stage4b/main_session3/efficientnet_b0_pruned30/windows.csv
 create mode 100644 results_stage4b/main_session3/efficientnet_b0_pruned30_bnrecal/environment.json
 create mode 100644 results_stage4b/main_session3/efficientnet_b0_pruned30_bnrecal/raw.jsonl
 create mode 100644 results_stage4b/main_session3/efficientnet_b0_pruned30_bnrecal/resume_state.json
 create mode 100644 results_stage4b/main_session3/efficientnet_b0_pruned30_bnrecal/summary.csv
 create mode 100644 results_stage4b/main_session3/efficientnet_b0_pruned30_bnrecal/windows.csv
 create mode 100644 results_stage4b/main_session3/efficientnet_b0_pruned50/environment.json
 create mode 100644 results_stage4b/main_session3/efficientnet_b0_pruned50/raw.jsonl
 create mode 100644 results_stage4b/main_session3/efficientnet_b0_pruned50/resume_state.json
 create mode 100644 results_stage4b/main_session3/efficientnet_b0_pruned50/summary.csv
 create mode 100644 results_stage4b/main_session3/efficientnet_b0_pruned50/windows.csv
 create mode 100644 results_stage4b/main_session3/efficientnet_b0_pruned50_bnrecal/environment.json
 create mode 100644 results_stage4b/main_session3/efficientnet_b0_pruned50_bnrecal/raw.jsonl
 create mode 100644 results_stage4b/main_session3/efficientnet_b0_pruned50_bnrecal/resume_state.json
 create mode 100644 results_stage4b/main_session3/efficientnet_b0_pruned50_bnrecal/summary.csv
 create mode 100644 results_stage4b/main_session3/efficientnet_b0_pruned50_bnrecal/windows.csv
 create mode 100644 results_stage4b/main_session3/efficientnet_b0_pruned70/environment.json
 create mode 100644 results_stage4b/main_session3/efficientnet_b0_pruned70/raw.jsonl
 create mode 100644 results_stage4b/main_session3/efficientnet_b0_pruned70/resume_state.json
 create mode 100644 results_stage4b/main_session3/efficientnet_b0_pruned70/summary.csv
 create mode 100644 results_stage4b/main_session3/efficientnet_b0_pruned70/windows.csv
 create mode 100644 results_stage4b/main_session3/efficientnet_b0_pruned70_bnrecal/environment.json
 create mode 100644 results_stage4b/main_session3/efficientnet_b0_pruned70_bnrecal/raw.jsonl
 create mode 100644 results_stage4b/main_session3/efficientnet_b0_pruned70_bnrecal/resume_state.json
 create mode 100644 results_stage4b/main_session3/efficientnet_b0_pruned70_bnrecal/summary.csv
 create mode 100644 results_stage4b/main_session3/efficientnet_b0_pruned70_bnrecal/windows.csv
 create mode 100644 results_stage4b/main_session3/mobilenet_v3_small_fp16/environment.json
 create mode 100644 results_stage4b/main_session3/mobilenet_v3_small_fp16/raw.jsonl
 create mode 100644 results_stage4b/main_session3/mobilenet_v3_small_fp16/resume_state.json
 create mode 100644 results_stage4b/main_session3/mobilenet_v3_small_fp16/summary.csv
 create mode 100644 results_stage4b/main_session3/mobilenet_v3_small_fp16/windows.csv
 create mode 100644 results_stage4b/main_session3/mobilenet_v3_small_fp32/environment.json
 create mode 100644 results_stage4b/main_session3/mobilenet_v3_small_fp32/raw.jsonl
 create mode 100644 results_stage4b/main_session3/mobilenet_v3_small_fp32/resume_state.json
 create mode 100644 results_stage4b/main_session3/mobilenet_v3_small_fp32/summary.csv
 create mode 100644 results_stage4b/main_session3/mobilenet_v3_small_fp32/windows.csv
 create mode 100644 results_stage4b/main_session3/mobilenet_v3_small_fp32_cpu/environment.json
 create mode 100644 results_stage4b/main_session3/mobilenet_v3_small_fp32_cpu/raw.jsonl
 create mode 100644 results_stage4b/main_session3/mobilenet_v3_small_fp32_cpu/resume_state.json
 create mode 100644 results_stage4b/main_session3/mobilenet_v3_small_fp32_cpu/summary.csv
 create mode 100644 results_stage4b/main_session3/mobilenet_v3_small_fp32_cpu/windows.csv
 create mode 100644 results_stage4b/main_session3/mobilenet_v3_small_int8/environment.json
 create mode 100644 results_stage4b/main_session3/mobilenet_v3_small_int8/raw.jsonl
 create mode 100644 results_stage4b/main_session3/mobilenet_v3_small_int8/resume_state.json
 create mode 100644 results_stage4b/main_session3/mobilenet_v3_small_int8/summary.csv
 create mode 100644 results_stage4b/main_session3/mobilenet_v3_small_int8/windows.csv
 create mode 100644 results_stage4b/main_session3/mobilenet_v3_small_pruned30/environment.json
 create mode 100644 results_stage4b/main_session3/mobilenet_v3_small_pruned30/raw.jsonl
 create mode 100644 results_stage4b/main_session3/mobilenet_v3_small_pruned30/resume_state.json
 create mode 100644 results_stage4b/main_session3/mobilenet_v3_small_pruned30/summary.csv
 create mode 100644 results_stage4b/main_session3/mobilenet_v3_small_pruned30/windows.csv
 create mode 100644 results_stage4b/main_session3/mobilenet_v3_small_pruned30_bnrecal/environment.json
 create mode 100644 results_stage4b/main_session3/mobilenet_v3_small_pruned30_bnrecal/raw.jsonl
 create mode 100644 results_stage4b/main_session3/mobilenet_v3_small_pruned30_bnrecal/resume_state.json
 create mode 100644 results_stage4b/main_session3/mobilenet_v3_small_pruned30_bnrecal/summary.csv
 create mode 100644 results_stage4b/main_session3/mobilenet_v3_small_pruned30_bnrecal/windows.csv
 create mode 100644 results_stage4b/main_session3/mobilenet_v3_small_pruned50/environment.json
 create mode 100644 results_stage4b/main_session3/mobilenet_v3_small_pruned50/raw.jsonl
 create mode 100644 results_stage4b/main_session3/mobilenet_v3_small_pruned50/resume_state.json
 create mode 100644 results_stage4b/main_session3/mobilenet_v3_small_pruned50/summary.csv
 create mode 100644 results_stage4b/main_session3/mobilenet_v3_small_pruned50/windows.csv
 create mode 100644 results_stage4b/main_session3/mobilenet_v3_small_pruned50_bnrecal/environment.json
 create mode 100644 results_stage4b/main_session3/mobilenet_v3_small_pruned50_bnrecal/raw.jsonl
 create mode 100644 results_stage4b/main_session3/mobilenet_v3_small_pruned50_bnrecal/resume_state.json
 create mode 100644 results_stage4b/main_session3/mobilenet_v3_small_pruned50_bnrecal/summary.csv
 create mode 100644 results_stage4b/main_session3/mobilenet_v3_small_pruned50_bnrecal/windows.csv
 create mode 100644 results_stage4b/main_session3/mobilenet_v3_small_pruned70/environment.json
 create mode 100644 results_stage4b/main_session3/mobilenet_v3_small_pruned70/raw.jsonl
 create mode 100644 results_stage4b/main_session3/mobilenet_v3_small_pruned70/resume_state.json
 create mode 100644 results_stage4b/main_session3/mobilenet_v3_small_pruned70/summary.csv
 create mode 100644 results_stage4b/main_session3/mobilenet_v3_small_pruned70/windows.csv
 create mode 100644 results_stage4b/main_session3/mobilenet_v3_small_pruned70_bnrecal/environment.json
 create mode 100644 results_stage4b/main_session3/mobilenet_v3_small_pruned70_bnrecal/raw.jsonl
 create mode 100644 results_stage4b/main_session3/mobilenet_v3_small_pruned70_bnrecal/resume_state.json
 create mode 100644 results_stage4b/main_session3/mobilenet_v3_small_pruned70_bnrecal/summary.csv
 create mode 100644 results_stage4b/main_session3/mobilenet_v3_small_pruned70_bnrecal/windows.csv
 create mode 100644 results_stage4b/main_session3/order.txt
 create mode 100644 results_stage4b/main_session3/resnet18_fp16/environment.json
 create mode 100644 results_stage4b/main_session3/resnet18_fp16/raw.jsonl
 create mode 100644 results_stage4b/main_session3/resnet18_fp16/resume_state.json
 create mode 100644 results_stage4b/main_session3/resnet18_fp16/summary.csv
 create mode 100644 results_stage4b/main_session3/resnet18_fp16/windows.csv
 create mode 100644 results_stage4b/main_session3/resnet18_fp32/environment.json
 create mode 100644 results_stage4b/main_session3/resnet18_fp32/raw.jsonl
 create mode 100644 results_stage4b/main_session3/resnet18_fp32/resume_state.json
 create mode 100644 results_stage4b/main_session3/resnet18_fp32/summary.csv
 create mode 100644 results_stage4b/main_session3/resnet18_fp32/windows.csv
 create mode 100644 results_stage4b/main_session3/resnet18_fp32_cpu/environment.json
 create mode 100644 results_stage4b/main_session3/resnet18_fp32_cpu/raw.jsonl
 create mode 100644 results_stage4b/main_session3/resnet18_fp32_cpu/resume_state.json
 create mode 100644 results_stage4b/main_session3/resnet18_fp32_cpu/summary.csv
 create mode 100644 results_stage4b/main_session3/resnet18_fp32_cpu/windows.csv
 create mode 100644 results_stage4b/main_session3/resnet18_int8/environment.json
 create mode 100644 results_stage4b/main_session3/resnet18_int8/raw.jsonl
 create mode 100644 results_stage4b/main_session3/resnet18_int8/resume_state.json
 create mode 100644 results_stage4b/main_session3/resnet18_int8/summary.csv
 create mode 100644 results_stage4b/main_session3/resnet18_int8/windows.csv
 create mode 100644 results_stage4b/main_session3/resnet18_pruned30/environment.json
 create mode 100644 results_stage4b/main_session3/resnet18_pruned30/raw.jsonl
 create mode 100644 results_stage4b/main_session3/resnet18_pruned30/resume_state.json
 create mode 100644 results_stage4b/main_session3/resnet18_pruned30/summary.csv
 create mode 100644 results_stage4b/main_session3/resnet18_pruned30/windows.csv
 create mode 100644 results_stage4b/main_session3/resnet18_pruned30_bnrecal/environment.json
 create mode 100644 results_stage4b/main_session3/resnet18_pruned30_bnrecal/raw.jsonl
 create mode 100644 results_stage4b/main_session3/resnet18_pruned30_bnrecal/resume_state.json
 create mode 100644 results_stage4b/main_session3/resnet18_pruned30_bnrecal/summary.csv
 create mode 100644 results_stage4b/main_session3/resnet18_pruned30_bnrecal/windows.csv
 create mode 100644 results_stage4b/main_session3/resnet18_pruned50/environment.json
 create mode 100644 results_stage4b/main_session3/resnet18_pruned50/raw.jsonl
 create mode 100644 results_stage4b/main_session3/resnet18_pruned50/resume_state.json
 create mode 100644 results_stage4b/main_session3/resnet18_pruned50/summary.csv
 create mode 100644 results_stage4b/main_session3/resnet18_pruned50/windows.csv
 create mode 100644 results_stage4b/main_session3/resnet18_pruned50_bnrecal/environment.json
 create mode 100644 results_stage4b/main_session3/resnet18_pruned50_bnrecal/raw.jsonl
 create mode 100644 results_stage4b/main_session3/resnet18_pruned50_bnrecal/resume_state.json
 create mode 100644 results_stage4b/main_session3/resnet18_pruned50_bnrecal/summary.csv
 create mode 100644 results_stage4b/main_session3/resnet18_pruned50_bnrecal/windows.csv
 create mode 100644 results_stage4b/main_session3/resnet18_pruned70/environment.json
 create mode 100644 results_stage4b/main_session3/resnet18_pruned70/raw.jsonl
 create mode 100644 results_stage4b/main_session3/resnet18_pruned70/resume_state.json
 create mode 100644 results_stage4b/main_session3/resnet18_pruned70/summary.csv
 create mode 100644 results_stage4b/main_session3/resnet18_pruned70/windows.csv
 create mode 100644 results_stage4b/main_session3/resnet18_pruned70_bnrecal/environment.json
 create mode 100644 results_stage4b/main_session3/resnet18_pruned70_bnrecal/raw.jsonl
 create mode 100644 results_stage4b/main_session3/resnet18_pruned70_bnrecal/resume_state.json
 create mode 100644 results_stage4b/main_session3/resnet18_pruned70_bnrecal/summary.csv
 create mode 100644 results_stage4b/main_session3/resnet18_pruned70_bnrecal/windows.csv
 create mode 100644 results_stage4b/main_session3/runner.log
 create mode 100644 results_stage4b/main_session3/session_log.md
To https://github.com/ShohanRony/green-ai-energy-phase1.git
   da966c4..71404b7  master -> master
========================================================================
Stage 4b Runner Completed: main_session3 at 2026-10-07T21:15:47Z
========================================================================
