/home/shohan/green-ai-research/measurement_env/lib/python3.12/site-packages/torch/cuda/__init__.py:61: FutureWarning: The pynvml package is deprecated. Please install nvidia-ml-py instead. If you did not install pynvml directly, please report this to the maintainers of the package that installed pynvml for you.
  import pynvml  # type: ignore[import]
epoch 1/60 loss=1.6543 train_acc=0.3780 elapsed=8s
epoch 2/60 loss=1.2896 train_acc=0.5359 elapsed=15s
epoch 3/60 loss=1.1560 train_acc=0.5847 elapsed=23s
epoch 4/60 loss=1.0734 train_acc=0.6154 elapsed=30s
epoch 5/60 loss=1.0240 train_acc=0.6359 elapsed=37s
epoch 6/60 loss=0.9884 train_acc=0.6517 elapsed=44s
epoch 7/60 loss=0.9632 train_acc=0.6596 elapsed=52s
epoch 8/60 loss=0.9364 train_acc=0.6704 elapsed=59s
epoch 9/60 loss=0.9147 train_acc=0.6785 elapsed=66s
epoch 10/60 loss=0.8891 train_acc=0.6886 elapsed=74s
epoch 11/60 loss=0.8686 train_acc=0.6962 elapsed=81s
epoch 12/60 loss=0.8527 train_acc=0.7025 elapsed=88s
epoch 13/60 loss=0.8291 train_acc=0.7091 elapsed=96s
epoch 14/60 loss=0.8071 train_acc=0.7190 elapsed=103s
epoch 15/60 loss=0.7916 train_acc=0.7234 elapsed=111s
epoch 16/60 loss=0.7787 train_acc=0.7275 elapsed=118s
epoch 17/60 loss=0.7672 train_acc=0.7323 elapsed=125s
epoch 18/60 loss=0.7531 train_acc=0.7383 elapsed=133s
epoch 19/60 loss=0.7456 train_acc=0.7410 elapsed=140s
epoch 20/60 loss=0.7329 train_acc=0.7462 elapsed=147s
epoch 21/60 loss=0.7246 train_acc=0.7472 elapsed=155s
epoch 22/60 loss=0.7141 train_acc=0.7514 elapsed=162s
epoch 23/60 loss=0.7002 train_acc=0.7562 elapsed=169s
epoch 24/60 loss=0.6914 train_acc=0.7621 elapsed=177s
epoch 25/60 loss=0.6810 train_acc=0.7645 elapsed=184s
epoch 26/60 loss=0.6727 train_acc=0.7672 elapsed=192s
epoch 27/60 loss=0.6636 train_acc=0.7698 elapsed=199s
epoch 28/60 loss=0.6513 train_acc=0.7736 elapsed=206s
epoch 29/60 loss=0.6443 train_acc=0.7768 elapsed=214s
epoch 30/60 loss=0.6347 train_acc=0.7799 elapsed=221s
epoch 31/60 loss=0.6211 train_acc=0.7843 elapsed=228s
epoch 32/60 loss=0.6175 train_acc=0.7874 elapsed=236s
epoch 33/60 loss=0.6083 train_acc=0.7907 elapsed=243s
epoch 34/60 loss=0.5936 train_acc=0.7961 elapsed=251s
epoch 35/60 loss=0.5836 train_acc=0.7981 elapsed=258s
epoch 36/60 loss=0.5779 train_acc=0.8000 elapsed=265s
epoch 37/60 loss=0.5663 train_acc=0.8029 elapsed=273s
epoch 38/60 loss=0.5533 train_acc=0.8072 elapsed=280s
epoch 39/60 loss=0.5421 train_acc=0.8110 elapsed=287s
epoch 40/60 loss=0.5339 train_acc=0.8148 elapsed=295s
epoch 41/60 loss=0.5244 train_acc=0.8193 elapsed=302s
epoch 42/60 loss=0.5077 train_acc=0.8234 elapsed=310s
epoch 43/60 loss=0.4976 train_acc=0.8283 elapsed=317s
epoch 44/60 loss=0.4836 train_acc=0.8334 elapsed=324s
epoch 45/60 loss=0.4726 train_acc=0.8352 elapsed=332s
epoch 46/60 loss=0.4626 train_acc=0.8398 elapsed=339s
epoch 47/60 loss=0.4479 train_acc=0.8444 elapsed=346s
epoch 48/60 loss=0.4353 train_acc=0.8484 elapsed=354s
epoch 49/60 loss=0.4253 train_acc=0.8530 elapsed=361s
epoch 50/60 loss=0.4146 train_acc=0.8545 elapsed=369s
epoch 51/60 loss=0.4019 train_acc=0.8598 elapsed=376s
epoch 52/60 loss=0.3907 train_acc=0.8638 elapsed=383s
epoch 53/60 loss=0.3761 train_acc=0.8711 elapsed=391s
epoch 54/60 loss=0.3683 train_acc=0.8734 elapsed=398s
epoch 55/60 loss=0.3592 train_acc=0.8738 elapsed=405s
epoch 56/60 loss=0.3486 train_acc=0.8784 elapsed=413s
epoch 57/60 loss=0.3413 train_acc=0.8810 elapsed=420s
epoch 58/60 loss=0.3347 train_acc=0.8844 elapsed=428s
epoch 59/60 loss=0.3337 train_acc=0.8828 elapsed=435s
epoch 60/60 loss=0.3320 train_acc=0.8849 elapsed=442s
FINAL test_acc=0.8646
Saved checkpoints/mobilenet_v3_small_fp32.pt and checkpoints/mobilenet_v3_small_fp32.json
